<html>
<body>
<pre>
<h1>礦ision Build Log</h1>
<h2>Tool Versions:</h2>
IDE-Version: μVision V5.35.0.0
Copyright (C) 2021 ARM Ltd and ARM Germany GmbH. All rights reserved.
License Information: Li Xirui, qlu, LIC=EXJT4-FUEBL-EVP1R-KVTFZ-3TT5V-3931A
 
Tool Versions:
Toolchain:       MDK-ARM Plus  Version: 5.35.0.2
Toolchain Path:  D:\program files\keilv5\ARM\ARMCC\Bin
C Compiler:      Armcc.exe V5.06 update 7 (build 960)
Assembler:       Armasm.exe V5.06 update 7 (build 960)
Linker/Locator:  ArmLink.exe V5.06 update 7 (build 960)
Library Manager: ArmAr.exe V5.06 update 7 (build 960)
Hex Converter:   FromElf.exe V5.06 update 7 (build 960)
CPU DLL:         SARMCM3.DLL V5.35.0.2
Dialog DLL:      DCM.DLL V1.17.3.0
Target DLL:      CMSIS_AGDI.dll V1.33.0.0
Dialog DLL:      TCM.DLL V1.53.0.0
 
<h2>Project:</h2>
D:\RM\code\25-EE-code\Omni\MDK-ARM\RMc_adam_GeneralRobotSystemCode.uvprojx
Project File Date:  08/27/2024

<h2>Output:</h2>
*** Using Compiler 'V5.06 update 7 (build 960)', folder: 'D:\program files\keilv5\ARM\ARMCC\Bin'
Build target 'RMc_adam_GeneralRobotSystemCode'
compiling Error_detect.c...
..\Applications\Software\global_status.h(84): warning:  #1-D: last line of file ends without a newline
  // end of file
..\Applications\Software\referee_handle_pack.h(730): warning:  #1295-D: Deprecated declaration Required_Data - give arg types
  void Required_Data();
..\Applications\Software\referee_handle_pack.h(731): warning:  #1295-D: Deprecated declaration Cap_Required_Data - give arg types
  void Cap_Required_Data(); 
..\Applications\Software\referee_handle_pack.h(732): warning:  #1-D: last line of file ends without a newline
  #endif
..\Applications\Software\shoot.h(76): warning:  #1295-D: Deprecated declaration shoot_speed_limit - give arg types
  void shoot_speed_limit();//
..\Applications\Software\shoot.h(80): warning:  #1295-D: Deprecated declaration shoot_trigger_online - give arg types
  void shoot_trigger_online();//PC操作
..\Applications\Software\shoot.h(86): warning:  #1295-D: Deprecated declaration triger_clear_cnt - give arg types
  void triger_clear_cnt();
..\Applications\Software\Error_detect.c: 7 warnings, 0 errors
compiling shoot.c...
..\Applications\Software\shoot.h(76): warning:  #1295-D: Deprecated declaration shoot_speed_limit - give arg types
  void shoot_speed_limit();//
..\Applications\Software\shoot.h(80): warning:  #1295-D: Deprecated declaration shoot_trigger_online - give arg types
  void shoot_trigger_online();//PC操作
..\Applications\Software\shoot.h(86): warning:  #1295-D: Deprecated declaration triger_clear_cnt - give arg types
  void triger_clear_cnt();
..\Applications\Software\global_status.h(84): warning:  #1-D: last line of file ends without a newline
  // end of file
..\Applications\Software\referee_handle_pack.h(730): warning:  #1295-D: Deprecated declaration Required_Data - give arg types
  void Required_Data();
..\Applications\Software\referee_handle_pack.h(731): warning:  #1295-D: Deprecated declaration Cap_Required_Data - give arg types
  void Cap_Required_Data(); 
..\Applications\Software\referee_handle_pack.h(732): warning:  #1-D: last line of file ends without a newline
  #endif
..\Applications\Software\NUC_communication.h(66): warning:  #1295-D: Deprecated declaration Test_communcation_0128 - give arg types
  void Test_communcation_0128();
..\Applications\Software\shoot.c(125): warning:  #1035-D: single-precision operand implicitly converted to double-precision
  					Trigger_anti_kill_and_set_speed(set / 3.0);
..\Applications\Software\shoot.c(333): warning:  #1-D: last line of file ends without a newline
  //end of file
..\Applications\Software\shoot.c: 10 warnings, 0 errors
compiling freertos.c...
../Applications/Hardware/IMU_updata.h(63): warning:  #1295-D: Deprecated declaration process_IMU_data - give arg types
  void process_IMU_data();
../Applications/Software/referee_handle_pack.h(730): warning:  #1295-D: Deprecated declaration Required_Data - give arg types
  void Required_Data();
../Applications/Software/referee_handle_pack.h(731): warning:  #1295-D: Deprecated declaration Cap_Required_Data - give arg types
  void Cap_Required_Data(); 
../Applications/Software/referee_handle_pack.h(732): warning:  #1-D: last line of file ends without a newline
  #endif
../Applications/Software/shoot.h(76): warning:  #1295-D: Deprecated declaration shoot_speed_limit - give arg types
  void shoot_speed_limit();//
../Applications/Software/shoot.h(80): warning:  #1295-D: Deprecated declaration shoot_trigger_online - give arg types
  void shoot_trigger_online();//PC操作
../Applications/Software/shoot.h(86): warning:  #1295-D: Deprecated declaration triger_clear_cnt - give arg types
  void triger_clear_cnt();
../Applications/Software/Global_status.h(84): warning:  #1-D: last line of file ends without a newline
  // end of file
../Applications/Software/NUC_communication.h(66): warning:  #1295-D: Deprecated declaration Test_communcation_0128 - give arg types
  void Test_communcation_0128();
..\Applications\Software\ui\ui_default_Ungroup_0.h(12): warning:  #1295-D: Deprecated declaration _ui_init_default_Ungroup_0 - give arg types
  void _ui_init_default_Ungroup_0();
..\Applications\Software\ui\ui_default_Ungroup_0.h(13): warning:  #1295-D: Deprecated declaration _ui_update_default_Ungroup_0 - give arg types
  void _ui_update_default_Ungroup_0();
..\Applications\Software\ui\ui_default_Ungroup_0.h(14): warning:  #1295-D: Deprecated declaration _ui_remove_default_Ungroup_0 - give arg types
  void _ui_remove_default_Ungroup_0();
..\Applications\Software\ui\ui_default_Ungroup_1.h(12): warning:  #1295-D: Deprecated declaration _ui_init_default_Ungroup_1 - give arg types
  void _ui_init_default_Ungroup_1();
..\Applications\Software\ui\ui_default_Ungroup_1.h(13): warning:  #1295-D: Deprecated declaration _ui_update_default_Ungroup_1 - give arg types
  void _ui_update_default_Ungroup_1();
..\Applications\Software\ui\ui_default_Ungroup_1.h(14): warning:  #1295-D: Deprecated declaration _ui_remove_default_Ungroup_1 - give arg types
  void _ui_remove_default_Ungroup_1();
..\Applications\Software\ui\ui_default_Ungroup_2.h(12): warning:  #1295-D: Deprecated declaration _ui_init_default_Ungroup_2 - give arg types
  void _ui_init_default_Ungroup_2();
..\Applications\Software\ui\ui_default_Ungroup_2.h(13): warning:  #1295-D: Deprecated declaration _ui_update_default_Ungroup_2 - give arg types
  void _ui_update_default_Ungroup_2();
..\Applications\Software\ui\ui_default_Ungroup_2.h(14): warning:  #1295-D: Deprecated declaration _ui_remove_default_Ungroup_2 - give arg types
  void _ui_remove_default_Ungroup_2();
..\Applications\Software\ui\ui_default_Ungroup_3.h(12): warning:  #1295-D: Deprecated declaration _ui_init_default_Ungroup_3 - give arg types
  void _ui_init_default_Ungroup_3();
..\Applications\Software\ui\ui_default_Ungroup_3.h(13): warning:  #1295-D: Deprecated declaration _ui_update_default_Ungroup_3 - give arg types
  void _ui_update_default_Ungroup_3();
..\Applications\Software\ui\ui_default_Ungroup_3.h(14): warning:  #1295-D: Deprecated declaration _ui_remove_default_Ungroup_3 - give arg types
  void _ui_remove_default_Ungroup_3();
..\Applications\Software\ui\ui_default_Ungroup_4.h(18): warning:  #1295-D: Deprecated declaration _ui_init_default_Ungroup_4 - give arg types
  void _ui_init_default_Ungroup_4();
..\Applications\Software\ui\ui_default_Ungroup_4.h(19): warning:  #1295-D: Deprecated declaration _ui_update_default_Ungroup_4 - give arg types
  void _ui_update_default_Ungroup_4();
..\Applications\Software\ui\ui_default_Ungroup_4.h(20): warning:  #1295-D: Deprecated declaration _ui_remove_default_Ungroup_4 - give arg types
  void _ui_remove_default_Ungroup_4();
..\Applications\Software\ui\ui_default_Ungroup_5.h(16): warning:  #1295-D: Deprecated declaration _ui_init_default_Ungroup_5 - give arg types
  void _ui_init_default_Ungroup_5();
..\Applications\Software\ui\ui_default_Ungroup_5.h(17): warning:  #1295-D: Deprecated declaration _ui_update_default_Ungroup_5 - give arg types
  void _ui_update_default_Ungroup_5();
..\Applications\Software\ui\ui_default_Ungroup_5.h(18): warning:  #1295-D: Deprecated declaration _ui_remove_default_Ungroup_5 - give arg types
  void _ui_remove_default_Ungroup_5();
../Applications/Software/ui.h(20): warning:  #1295-D: Deprecated declaration ui_init - give arg types
  void ui_init();
../Applications/Software/ui.h(21): warning:  #1295-D: Deprecated declaration ui_updata - give arg types
  void ui_updata();
../Applications/Software/ui.h(23): warning:  #1295-D: Deprecated declaration char_change - give arg types
  void char_change();
../Applications/Software/ui.h(26): warning:  #1295-D: Deprecated declaration ui_chassisline - give arg types
  void ui_chassisline();
../Applications/Software/ui.h(27): warning:  #1295-D: Deprecated declaration ui_WarningLight - give arg types
  void ui_WarningLight();
../Applications/Software/ui.h(28): warning:  #1295-D: Deprecated declaration ui_Spin - give arg types
  void ui_Spin();
../Applications/Software/vofa.h(6): warning:  #1-D: last line of file ends without a newline
  #endif
../Src/freertos.c: 34 warnings, 0 errors
compiling ui.c...
..\Applications\Software\ui\ui_default_Ungroup_0.h(12): warning:  #1295-D: Deprecated declaration _ui_init_default_Ungroup_0 - give arg types
  void _ui_init_default_Ungroup_0();
..\Applications\Software\ui\ui_default_Ungroup_0.h(13): warning:  #1295-D: Deprecated declaration _ui_update_default_Ungroup_0 - give arg types
  void _ui_update_default_Ungroup_0();
..\Applications\Software\ui\ui_default_Ungroup_0.h(14): warning:  #1295-D: Deprecated declaration _ui_remove_default_Ungroup_0 - give arg types
  void _ui_remove_default_Ungroup_0();
..\Applications\Software\ui\ui_default_Ungroup_1.h(12): warning:  #1295-D: Deprecated declaration _ui_init_default_Ungroup_1 - give arg types
  void _ui_init_default_Ungroup_1();
..\Applications\Software\ui\ui_default_Ungroup_1.h(13): warning:  #1295-D: Deprecated declaration _ui_update_default_Ungroup_1 - give arg types
  void _ui_update_default_Ungroup_1();
..\Applications\Software\ui\ui_default_Ungroup_1.h(14): warning:  #1295-D: Deprecated declaration _ui_remove_default_Ungroup_1 - give arg types
  void _ui_remove_default_Ungroup_1();
..\Applications\Software\ui\ui_default_Ungroup_2.h(12): warning:  #1295-D: Deprecated declaration _ui_init_default_Ungroup_2 - give arg types
  void _ui_init_default_Ungroup_2();
..\Applications\Software\ui\ui_default_Ungroup_2.h(13): warning:  #1295-D: Deprecated declaration _ui_update_default_Ungroup_2 - give arg types
  void _ui_update_default_Ungroup_2();
..\Applications\Software\ui\ui_default_Ungroup_2.h(14): warning:  #1295-D: Deprecated declaration _ui_remove_default_Ungroup_2 - give arg types
  void _ui_remove_default_Ungroup_2();
..\Applications\Software\ui\ui_default_Ungroup_3.h(12): warning:  #1295-D: Deprecated declaration _ui_init_default_Ungroup_3 - give arg types
  void _ui_init_default_Ungroup_3();
..\Applications\Software\ui\ui_default_Ungroup_3.h(13): warning:  #1295-D: Deprecated declaration _ui_update_default_Ungroup_3 - give arg types
  void _ui_update_default_Ungroup_3();
..\Applications\Software\ui\ui_default_Ungroup_3.h(14): warning:  #1295-D: Deprecated declaration _ui_remove_default_Ungroup_3 - give arg types
  void _ui_remove_default_Ungroup_3();
..\Applications\Software\ui\ui_default_Ungroup_4.h(18): warning:  #1295-D: Deprecated declaration _ui_init_default_Ungroup_4 - give arg types
  void _ui_init_default_Ungroup_4();
..\Applications\Software\ui\ui_default_Ungroup_4.h(19): warning:  #1295-D: Deprecated declaration _ui_update_default_Ungroup_4 - give arg types
  void _ui_update_default_Ungroup_4();
..\Applications\Software\ui\ui_default_Ungroup_4.h(20): warning:  #1295-D: Deprecated declaration _ui_remove_default_Ungroup_4 - give arg types
  void _ui_remove_default_Ungroup_4();
..\Applications\Software\ui\ui_default_Ungroup_5.h(16): warning:  #1295-D: Deprecated declaration _ui_init_default_Ungroup_5 - give arg types
  void _ui_init_default_Ungroup_5();
..\Applications\Software\ui\ui_default_Ungroup_5.h(17): warning:  #1295-D: Deprecated declaration _ui_update_default_Ungroup_5 - give arg types
  void _ui_update_default_Ungroup_5();
..\Applications\Software\ui\ui_default_Ungroup_5.h(18): warning:  #1295-D: Deprecated declaration _ui_remove_default_Ungroup_5 - give arg types
  void _ui_remove_default_Ungroup_5();
../Applications/Software/ui.h(20): warning:  #1295-D: Deprecated declaration ui_init - give arg types
  void ui_init();
../Applications/Software/ui.h(21): warning:  #1295-D: Deprecated declaration ui_updata - give arg types
  void ui_updata();
../Applications/Software/ui.h(23): warning:  #1295-D: Deprecated declaration char_change - give arg types
  void char_change();
../Applications/Software/ui.h(26): warning:  #1295-D: Deprecated declaration ui_chassisline - give arg types
  void ui_chassisline();
../Applications/Software/ui.h(27): warning:  #1295-D: Deprecated declaration ui_WarningLight - give arg types
  void ui_WarningLight();
../Applications/Software/ui.h(28): warning:  #1295-D: Deprecated declaration ui_Spin - give arg types
  void ui_Spin();
..\Applications\Software\referee_handle_pack.h(730): warning:  #1295-D: Deprecated declaration Required_Data - give arg types
  void Required_Data();
..\Applications\Software\referee_handle_pack.h(731): warning:  #1295-D: Deprecated declaration Cap_Required_Data - give arg types
  void Cap_Required_Data(); 
..\Applications\Software\referee_handle_pack.h(732): warning:  #1-D: last line of file ends without a newline
  #endif
..\Applications\Software\Global_status.h(84): warning:  #1-D: last line of file ends without a newline
  // end of file
..\Applications\Software\shoot.h(76): warning:  #1295-D: Deprecated declaration shoot_speed_limit - give arg types
  void shoot_speed_limit();//
..\Applications\Software\shoot.h(80): warning:  #1295-D: Deprecated declaration shoot_trigger_online - give arg types
  void shoot_trigger_online();//PC操作
..\Applications\Software\shoot.h(86): warning:  #1295-D: Deprecated declaration triger_clear_cnt - give arg types
  void triger_clear_cnt();
..\Applications\Software\NUC_communication.h(66): warning:  #1295-D: Deprecated declaration Test_communcation_0128 - give arg types
  void Test_communcation_0128();
..\Applications\Software\ui.c(53): warning:  #1035-D: single-precision operand implicitly converted to double-precision
    if(percent >=0.6)
..\Applications\Software\ui.c(55): warning:  #1035-D: single-precision operand implicitly converted to double-precision
    if(percent<=0.6)
..\Applications\Software\ui.c(57): warning:  #1035-D: single-precision operand implicitly converted to double-precision
    if(percent <=0.3)
..\Applications\Software\ui.c: 35 warnings, 0 errors
compiling control_setting.c...
../Applications/Hardware/IMU_updata.h(63): warning:  #1295-D: Deprecated declaration process_IMU_data - give arg types
  void process_IMU_data();
..\Applications\Software\referee_handle_pack.h(730): warning:  #1295-D: Deprecated declaration Required_Data - give arg types
  void Required_Data();
..\Applications\Software\referee_handle_pack.h(731): warning:  #1295-D: Deprecated declaration Cap_Required_Data - give arg types
  void Cap_Required_Data(); 
..\Applications\Software\referee_handle_pack.h(732): warning:  #1-D: last line of file ends without a newline
  #endif
..\Applications\Software\ui\ui_default_Ungroup_0.h(12): warning:  #1295-D: Deprecated declaration _ui_init_default_Ungroup_0 - give arg types
  void _ui_init_default_Ungroup_0();
..\Applications\Software\ui\ui_default_Ungroup_0.h(13): warning:  #1295-D: Deprecated declaration _ui_update_default_Ungroup_0 - give arg types
  void _ui_update_default_Ungroup_0();
..\Applications\Software\ui\ui_default_Ungroup_0.h(14): warning:  #1295-D: Deprecated declaration _ui_remove_default_Ungroup_0 - give arg types
  void _ui_remove_default_Ungroup_0();
..\Applications\Software\ui\ui_default_Ungroup_1.h(12): warning:  #1295-D: Deprecated declaration _ui_init_default_Ungroup_1 - give arg types
  void _ui_init_default_Ungroup_1();
..\Applications\Software\ui\ui_default_Ungroup_1.h(13): warning:  #1295-D: Deprecated declaration _ui_update_default_Ungroup_1 - give arg types
  void _ui_update_default_Ungroup_1();
..\Applications\Software\ui\ui_default_Ungroup_1.h(14): warning:  #1295-D: Deprecated declaration _ui_remove_default_Ungroup_1 - give arg types
  void _ui_remove_default_Ungroup_1();
..\Applications\Software\ui\ui_default_Ungroup_2.h(12): warning:  #1295-D: Deprecated declaration _ui_init_default_Ungroup_2 - give arg types
  void _ui_init_default_Ungroup_2();
..\Applications\Software\ui\ui_default_Ungroup_2.h(13): warning:  #1295-D: Deprecated declaration _ui_update_default_Ungroup_2 - give arg types
  void _ui_update_default_Ungroup_2();
..\Applications\Software\ui\ui_default_Ungroup_2.h(14): warning:  #1295-D: Deprecated declaration _ui_remove_default_Ungroup_2 - give arg types
  void _ui_remove_default_Ungroup_2();
..\Applications\Software\ui\ui_default_Ungroup_3.h(12): warning:  #1295-D: Deprecated declaration _ui_init_default_Ungroup_3 - give arg types
  void _ui_init_default_Ungroup_3();
..\Applications\Software\ui\ui_default_Ungroup_3.h(13): warning:  #1295-D: Deprecated declaration _ui_update_default_Ungroup_3 - give arg types
  void _ui_update_default_Ungroup_3();
..\Applications\Software\ui\ui_default_Ungroup_3.h(14): warning:  #1295-D: Deprecated declaration _ui_remove_default_Ungroup_3 - give arg types
  void _ui_remove_default_Ungroup_3();
..\Applications\Software\ui\ui_default_Ungroup_4.h(18): warning:  #1295-D: Deprecated declaration _ui_init_default_Ungroup_4 - give arg types
  void _ui_init_default_Ungroup_4();
..\Applications\Software\ui\ui_default_Ungroup_4.h(19): warning:  #1295-D: Deprecated declaration _ui_update_default_Ungroup_4 - give arg types
  void _ui_update_default_Ungroup_4();
..\Applications\Software\ui\ui_default_Ungroup_4.h(20): warning:  #1295-D: Deprecated declaration _ui_remove_default_Ungroup_4 - give arg types
  void _ui_remove_default_Ungroup_4();
..\Applications\Software\ui\ui_default_Ungroup_5.h(16): warning:  #1295-D: Deprecated declaration _ui_init_default_Ungroup_5 - give arg types
  void _ui_init_default_Ungroup_5();
..\Applications\Software\ui\ui_default_Ungroup_5.h(17): warning:  #1295-D: Deprecated declaration _ui_update_default_Ungroup_5 - give arg types
  void _ui_update_default_Ungroup_5();
..\Applications\Software\ui\ui_default_Ungroup_5.h(18): warning:  #1295-D: Deprecated declaration _ui_remove_default_Ungroup_5 - give arg types
  void _ui_remove_default_Ungroup_5();
..\Applications\Software\ui.h(20): warning:  #1295-D: Deprecated declaration ui_init - give arg types
  void ui_init();
..\Applications\Software\ui.h(21): warning:  #1295-D: Deprecated declaration ui_updata - give arg types
  void ui_updata();
..\Applications\Software\ui.h(23): warning:  #1295-D: Deprecated declaration char_change - give arg types
  void char_change();
..\Applications\Software\ui.h(26): warning:  #1295-D: Deprecated declaration ui_chassisline - give arg types
  void ui_chassisline();
..\Applications\Software\ui.h(27): warning:  #1295-D: Deprecated declaration ui_WarningLight - give arg types
  void ui_WarningLight();
..\Applications\Software\ui.h(28): warning:  #1295-D: Deprecated declaration ui_Spin - give arg types
  void ui_Spin();
..\Applications\Software\Global_status.h(84): warning:  #1-D: last line of file ends without a newline
  // end of file
..\Applications\Software\gimbal.h(21): warning:  #47-D: incompatible redefinition of macro "PI"  (declared at line 44 of "../Algorithm/AHRS_MiddleWare.h")
  #define PI 3.1415926f
..\Applications\Software\shoot.h(76): warning:  #1295-D: Deprecated declaration shoot_speed_limit - give arg types
  void shoot_speed_limit();//
..\Applications\Software\shoot.h(80): warning:  #1295-D: Deprecated declaration shoot_trigger_online - give arg types
  void shoot_trigger_online();//PC操作
..\Applications\Software\shoot.h(86): warning:  #1295-D: Deprecated declaration triger_clear_cnt - give arg types
  void triger_clear_cnt();
..\Applications\Software\NUC_communication.h(66): warning:  #1295-D: Deprecated declaration Test_communcation_0128 - give arg types
  void Test_communcation_0128();
..\Applications\Software\control_setting.c(264): warning:  #1035-D: single-precision operand implicitly converted to double-precision
  				Global.input.y += 0.04;
..\Applications\Software\control_setting.c(265): warning:  #1035-D: single-precision operand implicitly converted to double-precision
  				if (Global.input.y >= 3.0)
..\Applications\Software\control_setting.c(271): warning:  #1035-D: single-precision operand implicitly converted to double-precision
  				if (Global.input.y < 0.5)
..\Applications\Software\control_setting.c(273): warning:  #1035-D: single-precision operand implicitly converted to double-precision
  				if (Global.input.y > 0.5 && Global.input.y < 0.8)
..\Applications\Software\control_setting.c(273): warning:  #1035-D: single-precision operand implicitly converted to double-precision
  				if (Global.input.y > 0.5 && Global.input.y < 0.8)
..\Applications\Software\control_setting.c(275): warning:  #1035-D: single-precision operand implicitly converted to double-precision
  				if (Global.input.y > 0.8 && Global.input.y < 1.6 * KS)
..\Applications\Software\control_setting.c(275): warning:  #1035-D: single-precision operand implicitly converted to double-precision
  				if (Global.input.y > 0.8 && Global.input.y < 1.6 * KS)
..\Applications\Software\control_setting.c(277): warning:  #1035-D: single-precision operand implicitly converted to double-precision
  				if (Global.input.y > 1.6 * KS)
..\Applications\Software\control_setting.c(278): warning:  #1035-D: single-precision operand implicitly converted to double-precision
  					Global.input.y = 1.6 * KS;
..\Applications\Software\control_setting.c(418): warning:  #1-D: last line of file ends without a newline
  }
..\Applications\Software\control_setting.c: 44 warnings, 0 errors
compiling main.c...
../Applications/Hardware/IMU_updata.h(63): warning:  #1295-D: Deprecated declaration process_IMU_data - give arg types
  void process_IMU_data();
../Applications/Software/referee_handle_pack.h(730): warning:  #1295-D: Deprecated declaration Required_Data - give arg types
  void Required_Data();
../Applications/Software/referee_handle_pack.h(731): warning:  #1295-D: Deprecated declaration Cap_Required_Data - give arg types
  void Cap_Required_Data(); 
../Applications/Software/referee_handle_pack.h(732): warning:  #1-D: last line of file ends without a newline
  #endif
../Applications/Software/NUC_communication.h(66): warning:  #1295-D: Deprecated declaration Test_communcation_0128 - give arg types
  void Test_communcation_0128();
../Applications/Software/shoot.h(76): warning:  #1295-D: Deprecated declaration shoot_speed_limit - give arg types
  void shoot_speed_limit();//
../Applications/Software/shoot.h(80): warning:  #1295-D: Deprecated declaration shoot_trigger_online - give arg types
  void shoot_trigger_online();//PC操作
../Applications/Software/shoot.h(86): warning:  #1295-D: Deprecated declaration triger_clear_cnt - give arg types
  void triger_clear_cnt();
../Applications/Software/Global_status.h(84): warning:  #1-D: last line of file ends without a newline
  // end of file
..\Applications\Software\ui\ui_default_Ungroup_0.h(12): warning:  #1295-D: Deprecated declaration _ui_init_default_Ungroup_0 - give arg types
  void _ui_init_default_Ungroup_0();
..\Applications\Software\ui\ui_default_Ungroup_0.h(13): warning:  #1295-D: Deprecated declaration _ui_update_default_Ungroup_0 - give arg types
  void _ui_update_default_Ungroup_0();
..\Applications\Software\ui\ui_default_Ungroup_0.h(14): warning:  #1295-D: Deprecated declaration _ui_remove_default_Ungroup_0 - give arg types
  void _ui_remove_default_Ungroup_0();
..\Applications\Software\ui\ui_default_Ungroup_1.h(12): warning:  #1295-D: Deprecated declaration _ui_init_default_Ungroup_1 - give arg types
  void _ui_init_default_Ungroup_1();
..\Applications\Software\ui\ui_default_Ungroup_1.h(13): warning:  #1295-D: Deprecated declaration _ui_update_default_Ungroup_1 - give arg types
  void _ui_update_default_Ungroup_1();
..\Applications\Software\ui\ui_default_Ungroup_1.h(14): warning:  #1295-D: Deprecated declaration _ui_remove_default_Ungroup_1 - give arg types
  void _ui_remove_default_Ungroup_1();
..\Applications\Software\ui\ui_default_Ungroup_2.h(12): warning:  #1295-D: Deprecated declaration _ui_init_default_Ungroup_2 - give arg types
  void _ui_init_default_Ungroup_2();
..\Applications\Software\ui\ui_default_Ungroup_2.h(13): warning:  #1295-D: Deprecated declaration _ui_update_default_Ungroup_2 - give arg types
  void _ui_update_default_Ungroup_2();
..\Applications\Software\ui\ui_default_Ungroup_2.h(14): warning:  #1295-D: Deprecated declaration _ui_remove_default_Ungroup_2 - give arg types
  void _ui_remove_default_Ungroup_2();
..\Applications\Software\ui\ui_default_Ungroup_3.h(12): warning:  #1295-D: Deprecated declaration _ui_init_default_Ungroup_3 - give arg types
  void _ui_init_default_Ungroup_3();
..\Applications\Software\ui\ui_default_Ungroup_3.h(13): warning:  #1295-D: Deprecated declaration _ui_update_default_Ungroup_3 - give arg types
  void _ui_update_default_Ungroup_3();
..\Applications\Software\ui\ui_default_Ungroup_3.h(14): warning:  #1295-D: Deprecated declaration _ui_remove_default_Ungroup_3 - give arg types
  void _ui_remove_default_Ungroup_3();
..\Applications\Software\ui\ui_default_Ungroup_4.h(18): warning:  #1295-D: Deprecated declaration _ui_init_default_Ungroup_4 - give arg types
  void _ui_init_default_Ungroup_4();
..\Applications\Software\ui\ui_default_Ungroup_4.h(19): warning:  #1295-D: Deprecated declaration _ui_update_default_Ungroup_4 - give arg types
  void _ui_update_default_Ungroup_4();
..\Applications\Software\ui\ui_default_Ungroup_4.h(20): warning:  #1295-D: Deprecated declaration _ui_remove_default_Ungroup_4 - give arg types
  void _ui_remove_default_Ungroup_4();
..\Applications\Software\ui\ui_default_Ungroup_5.h(16): warning:  #1295-D: Deprecated declaration _ui_init_default_Ungroup_5 - give arg types
  void _ui_init_default_Ungroup_5();
..\Applications\Software\ui\ui_default_Ungroup_5.h(17): warning:  #1295-D: Deprecated declaration _ui_update_default_Ungroup_5 - give arg types
  void _ui_update_default_Ungroup_5();
..\Applications\Software\ui\ui_default_Ungroup_5.h(18): warning:  #1295-D: Deprecated declaration _ui_remove_default_Ungroup_5 - give arg types
  void _ui_remove_default_Ungroup_5();
../Applications/Software/ui.h(20): warning:  #1295-D: Deprecated declaration ui_init - give arg types
  void ui_init();
../Applications/Software/ui.h(21): warning:  #1295-D: Deprecated declaration ui_updata - give arg types
  void ui_updata();
../Applications/Software/ui.h(23): warning:  #1295-D: Deprecated declaration char_change - give arg types
  void char_change();
../Applications/Software/ui.h(26): warning:  #1295-D: Deprecated declaration ui_chassisline - give arg types
  void ui_chassisline();
../Applications/Software/ui.h(27): warning:  #1295-D: Deprecated declaration ui_WarningLight - give arg types
  void ui_WarningLight();
../Applications/Software/ui.h(28): warning:  #1295-D: Deprecated declaration ui_Spin - give arg types
  void ui_Spin();
../Src/main.c(164): warning:  #223-D: function "referee_usart_task_init" declared implicitly
    referee_usart_task_init(); // 裁判系统解算
../Src/main.c: 34 warnings, 0 errors
linking...
Program Size: Code=70900 RO-data=2736 RW-data=852 ZI-data=45980  
FromELF: creating hex file...
"RMc_adam_GeneralRobotSystemCode\RMc_adam_GeneralRobotSystemCode.axf" - 0 Error(s), 164 Warning(s).

<h2>Software Packages used:</h2>

Package Vendor: ARM
                http://www.keil.com/pack/ARM.CMSIS.4.5.0.pack
                ARM.CMSIS.4.5.0
                CMSIS (Cortex Microcontroller Software Interface Standard)
   * Component: CORE Version: 4.3.0
   * Component: DSP Version: 1.4.6

Package Vendor: Keil
                http://www.keil.com/pack/Keil.STM32F4xx_DFP.2.16.0.pack
                Keil.STM32F4xx_DFP.2.16.0
                STMicroelectronics STM32F4 Series Device Support, Drivers and Examples

<h2>Collection of Component include folders:</h2>
  .\RTE\_RMc_adam_GeneralRobotSystemCode
  D:\ProgramData\Local\Arm\Packs\ARM\CMSIS\4.5.0\CMSIS\Include
  D:\ProgramData\Local\Arm\Packs\Keil\STM32F4xx_DFP\2.16.0\Drivers\CMSIS\Device\ST\STM32F4xx\Include

<h2>Collection of Component Files used:</h2>

   * Component: ARM::CMSIS:CORE:4.3.0

   * Component: ARM::CMSIS:DSP:1.4.6
      Include file:  CMSIS\Include\arm_math.h
      Library file:  CMSIS\Lib\ARM\arm_cortexM4lf_math.lib
Build Time Elapsed:  00:00:04
</pre>
</body>
</html>
